[2026-09-10 19:53:20,131] 19 root - INFO - Initiate the data ingestion
[2026-09-10 19:53:20,566] 96 pymongo.serverSelection - INFO - {"message": "Waiting for suitable server to become available", "selector": "Primary()", "operation": "find", "topologyDescription": "<TopologyDescription id: 6aa342f0c17caed994895879, topology_type: ReplicaSetNoPrimary, servers: [<ServerDescription ('ac-fpnsylk-shard-00-00.gtp2xef.mongodb.net', 27017) server_type: Unknown, rtt: None>, <ServerDescription ('ac-fpnsylk-shard-00-01.gtp2xef.mongodb.net', 27017) server_type: Unknown, rtt: None>, <ServerDescription ('ac-fpnsylk-shard-00-02.gtp2xef.mongodb.net', 27017) server_type: Unknown, rtt: None>]>", "clientId": {"$oid": "6aa342f0c17caed994895879"}, "remainingTimeMS": 29}
[2026-09-10 19:53:23,940] 69 root - INFO - Performed train test split on the dataframe
[2026-09-10 19:53:23,940] 71 root - INFO - Exited split_data_as_train_test method of Data_Ingestion class
[2026-09-10 19:53:23,940] 79 root - INFO - Exporting train and test file path.
[2026-09-10 19:53:23,978] 88 root - INFO - Exported train and test file path.
[2026-09-10 19:53:23,978] 21 root - INFO - Data ingestion completed
[2026-09-10 19:53:23,982] 25 root - INFO - Initiate the data validation
[2026-09-10 19:53:23,995] 35 root - INFO - Required number of columns: 2
[2026-09-10 19:53:23,995] 36 root - INFO - Data frame has columns: 31
[2026-09-10 19:53:23,995] 35 root - INFO - Required number of columns: 2
[2026-09-10 19:53:23,995] 36 root - INFO - Data frame has columns: 31
[2026-09-10 19:53:24,121] 27 root - INFO - Data validation completed
[2026-09-10 19:53:24,121] 30 root - INFO - Data transformation started
[2026-09-10 19:53:24,121] 66 root - INFO - Entered the initiate_data_transformation method of DataTransformation class
[2026-09-10 19:53:24,121] 68 root - INFO - Starting data transformation
[2026-09-10 19:53:24,145] 51 root - INFO - Entered get_data_trnasformer_object method of Trnasformation class
[2026-09-10 19:53:24,145] 56 root - INFO - Initialise KNNImputer with {'missing_values': nan, 'n_neighbors': 3, 'weights': 'uniform'}
[2026-09-10 19:53:24,151] 49 root - INFO - Entered the save_object method of MainUtils class
[2026-09-10 19:53:24,155] 53 root - INFO - Exited the save_object method of MainUtils class
[2026-09-10 19:53:24,155] 49 root - INFO - Entered the save_object method of MainUtils class
[2026-09-10 19:53:24,157] 53 root - INFO - Exited the save_object method of MainUtils class
[2026-09-10 19:53:24,158] 34 root - INFO - Data transformation completed
[2026-09-10 19:53:24,158] 36 root - INFO - Model Training sstared
[2026-09-10 19:56:33,344] 49 root - INFO - Entered the save_object method of MainUtils class
[2026-09-10 19:56:33,356] 53 root - INFO - Exited the save_object method of MainUtils class
[2026-09-10 19:56:33,356] 49 root - INFO - Entered the save_object method of MainUtils class
[2026-09-10 19:56:33,367] 53 root - INFO - Exited the save_object method of MainUtils class
[2026-09-10 19:56:33,367] 150 root - INFO - Model trainer artifact: ModelTrainerArtifact(trained_model_file_path='Artifacts/09_10_2026_19_53_14/model_trainer/trained_model/model.pkl', train_metric_artifact=ClassificationMetricArtifact(f1_score=0.9917205169628432, precision_score=0.9901209677419355, recall_score=0.9933252427184466), test_metric_artifact=ClassificationMetricArtifact(f1_score=0.9774682507169193, precision_score=0.9714983713355049, recall_score=0.9835119538334708))
[2026-09-10 19:56:33,370] 41 root - INFO - Model Training artifact created
